<html>
<body>
<pre>
<h1>µVision Build Log</h1>
<h2>Project:</h2>
C:\Users\Anh Khoa\Documents\micro mouse\MicroMouse code\Stm32f103c8.uvprojx
Project File Date:  01/14/2017

<h2>Output:</h2>
Rebuild target 'Target 1'
compiling main.cpp...
compiling usart_print.cpp...
compiling core_cm3.c...
compiling system_stm32f10x.c...
compiling misc.c...
compiling stm32f10x_adc.c...
compiling stm32f10x_dma.c...
compiling stm32f10x_exti.c...
compiling stm32f10x_gpio.c...
compiling stm32f10x_i2c.c...
compiling stm32f10x_rcc.c...
compiling stm32f10x_tim.c...
compiling stm32f10x_usart.c...
assembling startup_stm32f10x_md.s...
linking...
Program Size: Code=7592 RO-data=268 RW-data=36 ZI-data=1124  
".\Objects\Stm32f103c8.axf" - 0 Error(s), 0 Warning(s).
Load "C:\\Users\\Anh Khoa\\Documents\\micro mouse\\MicroMouse code\\Objects\\Stm32f103c8.axf" 
Erase Done.
Programming Done.
Verify OK.
Application running ...
</pre>
</body>
</html>
 Undefined symbol U_Print_Char (referred from main.o).
Not enough information to list image symbols.
Finished: 1 information, 0 warning and 2 error messages.
".\Objects\Stm32f103c8.axf" - 2 Error(s), 1 Warning(s).
Target not created
